// Vitest Snapshot v1

exports[`Home > Renders the component 1`] = `
"<h1>Teste !</h1>
<button type=\\"button\\" class=\\"v-btn v-btn--elevated v-theme--light v-btn--density-default v-btn--size-default v-btn--variant-elevated\\">
  <div class=\\"v-btn__overlay\\"></div>
  <div class=\\"v-btn__underlay\\"></div>
  <!---->
  <div class=\\"v-btn__content\\" data-no-activator=\\"\\">Hello</div>
  <!---->
  <!---->
</button>
<router-link to=\\"/teste\\">Teste</router-link>"
`;
